<html>
<body>
<pre>
<h1>µVision Build Log</h1>
<h2>Tool Versions:</h2>
IDE-Version: µVision V5.31.0.0
Copyright (C) 2020 ARM Ltd and ARM Germany GmbH. All rights reserved.
License Information: ECBME Dept. Ryerson University Flex license: MDK Professional 5.31 (Flex): 200 user(s) (mdk_pro) Operation stops: 21 Jun 2024
 
Tool Versions:
Toolchain:       MDK Professional 5.31 (Flex): 200 user(s)  Version: 5.31.0.0
Toolchain Path:  C:\Keil_v5\ARM\ARMCC\Bin
C Compiler:      Armcc.exe V5.06 update 6 (build 750)
Assembler:       Armasm.exe V5.06 update 6 (build 750)
Linker/Locator:  ArmLink.exe V5.06 update 6 (build 750)
Library Manager: ArmAr.exe V5.06 update 6 (build 750)
Hex Converter:   FromElf.exe V5.06 update 6 (build 750)
CPU DLL:         SARMCM3.DLL V5.31.0.0
Dialog DLL:      DARMP1.DLL V1.27.0.0
Target DLL:      UL2CM3.DLL V1.163.4.0
Dialog DLL:      TARMP1.DLL V1.26.0.0
 
<h2>Project:</h2>
S:\Desktop\COE718\finalProject\usbaudio.uvproj
Project File Date:  11/26/2022

<h2>Output:</h2>
*** Using Compiler 'V5.06 update 6 (build 750)', folder: 'C:\Keil_v5\ARM\ARMCC\Bin'
Rebuild target 'Flash'
compiling usbuser.c...
compiling usbcore.c...
compiling usbdesc.c...
compiling usbdmain.c...
KBD.h(29): warning:  #1-D: last line of file ends without a newline
  #endif
usbdmain.c: 1 warning, 0 errors
compiling usbhw.c...
compiling adcuser.c...
compiling mainDriver.c...
KBD.h(29): warning:  #1-D: last line of file ends without a newline
  #endif
usbdmain.h(10): warning:  #1-D: last line of file ends without a newline
  extern int playAudio (void);
KBD.h(29): warning:  #1-D: last line of file ends without a newline
  #endif
KBD.h(29): warning:  #1-D: last line of file ends without a newline
  #endif
KBD.h(29): warning:  #1-D: last line of file ends without a newline
  #endif
usbdmain.h(10): warning:  #1-D: last line of file ends without a newline
  extern int playAudio (void);
blackjack.h(7): warning:  #1-D: last line of file ends without a newline
  extern void blackjack();
blackjack.h(7): warning:  #1295-D: Deprecated declaration blackjack - give arg types
  extern void blackjack();
mainDriver.c(250): warning:  #177-D: variable "screenSelect"  was declared but never referenced
        int screenSelect = 0;   
mainDriver.c(333): warning:  #177-D: variable "audioSelector"  was declared but never referenced
                int audioSelector = 0;
mainDriver.c(321): warning:  #177-D: variable "joystick2"  was declared but never referenced
        uint32_t joystick2;
mainDriver.c: 11 warnings, 0 errors
compiling GLCD_SPI_LPC1700.c...
compiling IRQ.c...
compiling KBD.c...
KBD.h(29): warning:  #1-D: last line of file ends without a newline
  #endif
KBD.c(47): warning:  #1-D: last line of file ends without a newline
  }
KBD.c: 2 warnings, 0 errors
compiling ticTac.c...
KBD.h(29): warning:  #1-D: last line of file ends without a newline
  #endif
KBD.h(29): warning:  #1-D: last line of file ends without a newline
  #endif
usbdmain.h(10): warning:  #1-D: last line of file ends without a newline
  extern int playAudio (void);
ticTac.c(565): warning:  #1-D: last line of file ends without a newline
  }
ticTac.c(565): warning:  #940-D: missing return statement at end of non-void function "playTicTacToe" 
  }
ticTac.c(472): warning:  #177-D: variable "winFlag"  was declared but never referenced
        int winFlag = 0;                // init the win flag as 0
ticTac.c(474): warning:  #177-D: variable "w"  was declared but never referenced
        int w;
ticTac.c(476): warning:  #177-D: variable "joyTic"  was declared but never referenced
                uint32_t joyTic = 0;
ticTac.c: 8 warnings, 0 errors
compiling blackjack.c...
KBD.h(29): warning:  #1-D: last line of file ends without a newline
  #endif
KBD.h(29): warning:  #1-D: last line of file ends without a newline
  #endif
usbdmain.h(10): warning:  #1-D: last line of file ends without a newline
  extern int playAudio (void);
blackjack.c(736): warning:  #111-D: statement is unreachable
                return in;
blackjack.c(763): warning:  #1-D: last line of file ends without a newline
  }
blackjack.c: 5 warnings, 0 errors
compiling system_LPC17xx.c...
compiling core_cm3.c...
assembling startup_LPC17xx.s...
compiling Gandalf.c...
compiling HouseoftheDragon.c...
compiling Kratos.c...
compiling audioImage.c...
linking...
Program Size: Code=18196 RO-data=87388 RW-data=204 ZI-data=1868  
FromELF: creating hex file...
".\Obj\usbaudio.axf" - 0 Error(s), 27 Warning(s).
Build Time Elapsed:  00:00:24
</pre>
</body>
</html>
